- The project is out-of-sync -- use `]8;;x-r-run:renv::status()renv::status()]8;;` for details.
R version 4.5.0 (2025-04-11)
Platform: x86_64-pc-linux-gnu
Running under: Red Hat Enterprise Linux 9.7 (Plow)

Matrix products: default
BLAS/LAPACK: /nas/longleaf/rhel9/apps/r/4.5.0/lib/libopenblasp-r0.3.27.so;  LAPACK version 3.12.0

locale:
 [1] LC_CTYPE=en_US.UTF-8       LC_NUMERIC=C              
 [3] LC_TIME=en_US.UTF-8        LC_COLLATE=en_US.UTF-8    
 [5] LC_MONETARY=en_US.UTF-8    LC_MESSAGES=en_US.UTF-8   
 [7] LC_PAPER=en_US.UTF-8       LC_NAME=C                 
 [9] LC_ADDRESS=C               LC_TELEPHONE=C            
[11] LC_MEASUREMENT=en_US.UTF-8 LC_IDENTIFICATION=C       

time zone: America/New_York
tzcode source: system (glibc)

attached base packages:
[1] stats     graphics  grDevices datasets  utils     methods   base     

other attached packages:
[1] future_1.70.0      Seurat_5.5.0       SeuratObject_5.4.0 sp_2.2-1          
[5] here_1.0.2        

loaded via a namespace (and not attached):
  [1] RColorBrewer_1.1-3          jsonlite_2.0.0             
  [3] magrittr_2.0.5              spatstat.utils_3.2-2       
  [5] farver_2.1.2                vctrs_0.7.3                
  [7] ROCR_1.0-12                 spatstat.explore_3.8-0     
  [9] DelayedMatrixStats_1.32.0   htmltools_0.5.9            
 [11] S4Arrays_1.10.1             SparseArray_1.10.10        
 [13] sctransform_0.4.3           parallelly_1.47.0          
 [15] KernSmooth_2.23-26          htmlwidgets_1.6.4          
 [17] ica_1.0-3                   plyr_1.8.9                 
 [19] plotly_4.12.0               zoo_1.8-15                 
 [21] igraph_2.3.1                mime_0.13                  
 [23] lifecycle_1.0.5             pkgconfig_2.0.3            
 [25] Matrix_1.7-5                R6_2.6.1                   
 [27] fastmap_1.2.0               MatrixGenerics_1.22.0      
 [29] fitdistrplus_1.2-6          shiny_1.13.0               
 [31] digest_0.6.39               patchwork_1.3.2            
 [33] S4Vectors_0.48.1            rprojroot_2.1.1            
 [35] tensor_1.5.1                RSpectra_0.16-2            
 [37] irlba_2.3.7                 GenomicRanges_1.62.1       
 [39] beachmat_2.26.0             progressr_0.19.0           
 [41] spatstat.sparse_3.1-0       httr_1.4.8                 
 [43] polyclip_1.10-7             abind_1.4-8                
 [45] compiler_4.5.0              S7_0.2.2                   
 [47] fastDummies_1.7.6           MASS_7.3-65                
 [49] DelayedArray_0.36.1         tools_4.5.0                
 [51] lmtest_0.9-40               otel_0.2.0                 
 [53] httpuv_1.6.17               future.apply_1.20.2        
 [55] goftest_1.2-3               glmGamPoi_1.22.0           
 [57] glue_1.8.1                  nlme_3.1-169               
 [59] promises_1.5.0              grid_4.5.0                 
 [61] Rtsne_0.17                  cluster_2.1.8.2            
 [63] reshape2_1.4.5              generics_0.1.4             
 [65] gtable_0.3.6                spatstat.data_3.1-9        
 [67] tidyr_1.3.2                 data.table_1.18.4          
 [69] XVector_0.50.0              BiocGenerics_0.56.0        
 [71] spatstat.geom_3.7-3         RcppAnnoy_0.0.23           
 [73] ggrepel_0.9.8               RANN_2.6.2                 
 [75] pillar_1.11.1               stringr_1.6.0              
 [77] spam_2.11-3                 RcppHNSW_0.6.0             
 [79] later_1.4.8                 splines_4.5.0              
 [81] dplyr_1.2.1                 lattice_0.22-9             
 [83] renv_1.2.2                  survival_3.8-6             
 [85] deldir_2.0-4                tidyselect_1.2.1           
 [87] miniUI_0.1.2                pbapply_1.7-4              
 [89] gridExtra_2.3               IRanges_2.44.0             
 [91] Seqinfo_1.0.0               SummarizedExperiment_1.40.0
 [93] scattermore_1.2             stats4_4.5.0               
 [95] Biobase_2.70.0              matrixStats_1.5.0          
 [97] stringi_1.8.7               lazyeval_0.2.3             
 [99] codetools_0.2-20            tibble_3.3.1               
[101] BiocManager_1.30.27         cli_3.6.6                  
[103] uwot_0.2.4                  xtable_1.8-8               
[105] reticulate_1.46.0           Rcpp_1.1.1-1.1             
[107] globals_0.19.1              spatstat.random_3.4-5      
[109] png_0.1-9                   spatstat.univar_3.1-7      
[111] parallel_4.5.0              ggplot2_4.0.3              
[113] dotCall64_1.2               sparseMatrixStats_1.22.0   
[115] listenv_0.10.1              viridisLite_0.4.3          
[117] scales_1.4.0                ggridges_0.5.7             
[119] purrr_1.2.2                 rlang_1.2.0                
[121] cowplot_1.2.0              
